// Jest Snapshot v1, https://goo.gl/fbAQLP

exports[`Card matches the snapshot 1`] = `
<div>
  <h1
    className="movie-title"
  >
    Coco
  </h1>
  <article
    className="card"
    style={
      Object {
        "backgroundImage": "url(undefined)",
      }
    }
  />
  <button
    className="favorite"
    onClick={[Function]}
  />
</div>
`;
